
> sme-event-discovery-frontend@0.1.0 test
> react-scripts test EventDiscoveryPane.test.js --watchAll=false

node.exe : FAIL src/components/EventDiscoveryPane.test.js (6.079 s)
At line:1 char:1
+ & "D:\Application/node.exe" "D:\Application/node_modules/npm/bin/npm- ...
+ ~~~~~~~~~~~~~~~~~~~~~~~~~~~~~~~~~~~~~~~~~~~~~~~~~~~~~~~~~~~~~~~~~~~~~
    + CategoryInfo          : NotSpecified: (FAIL src/compon...st.js (6.079 s): 
   String) [], RemoteException
    + FullyQualifiedErrorId : NativeCommandError
 
  EventDiscoveryPane Component
    State Initialization
      ΓêÜ initializes with correct state structure (37 ms)
    Event Fetching
      ΓêÜ fetches events from Supabase on mount (8 ms)
      ΓêÜ displays events after successful fetch (33 ms)
      ΓêÜ displays error message on fetch failure (7 ms)
      ΓêÜ displays "No events found" when events array is empty (19 ms)
    Event Card Display
      ΓêÜ displays all event information in cards (23 ms)
      ΓêÜ displays featured badge for featured events (18 ms)
      ΓêÜ displays status badges with correct colors (29 ms)
    Event Card Click Handler
      ├ù opens modal when event card is clicked (1058 ms)
      ├ù displays full event details in modal (1034 ms)
    Modal Close Handler
      ├ù closes modal when close button is clicked (1037 ms)
    Filter Change Handler
      ΓêÜ filters events by type (56 ms)
      ΓêÜ filters events by location (25 ms)
      ΓêÜ applies AND logic when multiple filters are selected (30 ms)
    Clear Filters
      ΓêÜ clears all filters and shows all events (37 ms)
    Expected Footfall Display
      ├ù displays expected footfall when greater than 0 (1023 ms)
      ├ù displays "TBD" when expected footfall is 0 or missing (1032 ms)
    Loading State
      ΓêÜ displays loading indicator while fetching (3 ms)
      ΓêÜ hides loading indicator after fetch completes (20 ms)
    Error State
      ΓêÜ displays error message on fetch failure (11 ms)
      ΓêÜ displays retry button on error (11 ms)

  ΓùÅ EventDiscoveryPane Component ΓÇ║ Event Card Click Handler ΓÇ║ opens modal 
when event card is clicked

    Unable to find an element with the text: Apply as Vendor. This could be 
because the text is broken up by multiple elements. In this case, you can 
provide a function for your text matcher to make your matcher more flexible.

    Ignored nodes: comments, script, style
    [36m<body>[39m
      [36m<div>[39m
        [36m<div[39m
          [33mclass[39m=[32m"flex flex-col h-full bg-gray-50 border-r 
border-gray-200"[39m
        [36m>[39m
          [36m<div[39m
            [33mclass[39m=[32m"flex-1 overflow-y-auto p-4"[39m
          [36m>[39m
            [36m<div[39m
              [33mclass[39m=[32m"grid grid-cols-1 gap-4"[39m
            [36m>[39m
              [36m<div[39m
                [33mclass[39m=[32m"bg-white rounded-xl shadow-md p-4 
cursor-pointer hover:shadow-lg transition-shadow"[39m
              [36m>[39m
                [36m<img[39m
                  [33malt[39m=[32m"Tech Conference 2024"[39m
                  [33mclass[39m=[32m"w-full h-40 object-cover rounded-lg 
mb-3"[39m
                  [33msrc[39m=[32m"https://example.com/image1.jpg"[39m
                [36m/>[39m
                [36m<h3[39m
                  [33mclass[39m=[32m"text-lg font-bold text-gray-900 
mb-2"[39m
                [36m>[39m
                  [0mTech Conference 2024[0m
                [36m</h3>[39m
                [36m<p[39m
                  [33mclass[39m=[32m"text-sm text-gray-600 mb-2"[39m
                [36m>[39m
                  [0m15/06/2024[0m
                [36m</p>[39m
                [36m<p[39m
                  [33mclass[39m=[32m"text-sm text-gray-600 mb-3"[39m
                [36m>[39m
                  [0mSan Francisco[0m
                  [0m, [0m
                  [0mCA[0m
                [36m</p>[39m
                [36m<div[39m
                  [33mclass[39m=[32m"flex gap-2 flex-wrap"[39m
                [36m>[39m
                  [36m<span[39m
                    [33mclass[39m=[32m"text-xs bg-blue-100 text-blue-600 
px-2 py-1 rounded"[39m
                  [36m>[39m
                    [0mConference[0m
                  [36m</span>[39m
                  [36m<span[39m
                    [33mclass[39m=[32m"text-xs bg-blue-600 text-white px-2 
py-1 rounded"[39m
                  [36m>[39m
                    [0mFeatured[0m
                  [36m</span>[39m
                  [36m<span[39m
                    [33mclass[39m=[32m"text-xs px-2 py-1 rounded 
bg-green-100 text-green-600"[39m
                  [36m>[39m
                    [0mupcoming[0m
                  [36m</span>[39m
                [36m</div>[39m
              [36m</div>[39m
              [36m<div[39m
                [33mclass[39m=[32m"bg-white rounded-xl shadow-md p-4 
cursor-pointer hover:shadow-lg transition-shadow"[39m
              [36m>[39m
                [36m<img[39m
                  [33malt[39m=[32m"Business Expo"[39m
                  [33mclass[39m=[32m"w-full h-40 object-cover rounded-lg 
mb-3"[39m
                  [33msrc[39m=[32m"https://example.com/image2.jpg"[39m
                [36m/>[39m
                [36m<h3[39m
                  [33mclass[39m=[32m"text-lg font-bold text-gray-900 
mb-2"[39m
                [36m>[39m
                  [0mBusiness Expo[0m
                [36m</h3>[39m
                [36m<p[39m
                  [33mclass[39m=[32m"text-sm text-gray-600 mb-2"[39m
                [36m>[39m
                  [0m20/07/2024[0m
                [36m</p>[39m
                [36m<p[39m
                  [33mclass[39m=[32m"text-sm text-gray-600 mb-3"[39m
                [36m>[39m
                  [0mNew York[0m
                  [0m, [0m
                  [0mNY[0m
                [36m</p>[39m
                [36m<div[39m
                  [33mclass[39m=[32m"flex gap-2 flex-wrap"[39m
                [36m>[39m
                  [36m<span[39m
                    [33mclass[39m=[32m"text-xs bg-blue-100 text-blue-600 
px-2 py-1 rounded"[39m
                  [36m>[39m
                    [0mExpo[0m
                  [36m</span>[39m
                  [36m<span[39m
                    [33mclass[39m=[32m"text-xs px-2 py-1 rounded 
bg-green-100 text-green-600"[39m
                  [36m>[39m
                    [0mupcoming[0m
                  [36m</span>[39m
                [36m</div>[39m
              [36m</div>[39m
              [36m<div[39m
                [33mclass[39m=[32m"bg-white rounded-xl shadow-md p-4 
cursor-pointer hover:shadow-lg transition-shadow"[39m
              [36m>[39m
                [36m<img[39m
                  [33malt[39m=[32m"Tech Meetup"[39m
                  [33mclass[39m=[32m"w-full h-40 object-cover rounded-lg 
mb-3"[39m
                  [33msrc[39m=[32m"https://example.com/image3.jpg"[39m
                [36m/>[39m
                [36m<h3[39m
                  [33mclass[39m=[32m"text-lg font-bold text-gray-900 
mb-2"[39m
                [36m>[39m
                  [0mTech Meetup[0m
                [36m</h3>[39m
                [36m<p[39m
                  [33mclass[39m=[32m"text-sm text-gray-600 mb-2"[39m
                [36m>[39m
                  [0m10/05/2024[0m
                [36m</p>[39m
                [36m<p[39m
                  [33mclass[39m=[32m"text-sm text-gray-600 mb-3"[39m
                [36m>[39m
                  [0mSan Francisco[0m
                  [0m, [0m
                  [0mCA[0m
                [36m</p>[39m
                [36m<div[39m
                  [33mclass[39m=[32m"flex gap-2 flex-wrap"[39m
                [36m>[39m
                  [36m<span[39m
                    [33mclass[39m=[32m"text-xs bg-blue-100 text-blue-600 
px-2 py-1 rounded"[39m
                  [36m>[39m
                    [0mMeetup[0m
                  [36m</span>[39m
                  [36m<span[39m
                    [33mclass[39m=[32m"text-xs px-2 py-1 rounded 
bg-yellow-100 text-yellow-600"[39m
                  [36m>[39m
                    [0mongoing[0m
                  [36m</span>[39m
                [36m</div>[39m
              [36m</div>[39m
            [36m</div>[39m
          [36m</div>[39m
          [36m<div[39m
            [33mclass[39m=[32m"sticky bottom-0 bg-white border-t 
border-gray-200 shadow-md p-4"[39m
          [36m>[39m
            [36m<div[39m
              [33mclass[39m=[32m"grid grid-cols-2 gap-3 mb-3"[39m
            [36m>[39m
              [36m<select[39m
                [33mclass[39m=[32m"px-3 py-2 border border-gray-300 
rounded-xl text-sm text-gray-900 focus:outline-none focus:ring-2 
focus:ring-blue-600"[39m
              [36m>[39m
                [36m<option[39m
                  [33mvalue[39m=[32m""[39m
                [36m>[39m
                  [0mAll Types[0m
                [36m</option>[39m
                [36m<option[39m
                  [33mvalue[39m=[32m"Conference"[39m
                [36m>[39m
                  [0mConference[0m
                [36m</option>[39m
                [36m<option[39m
                  [33mvalue[39m=[32m"Expo"[39m
                [36m>[39m
                  [0mExpo[0m
                [36m</option>[39m
                [36m<option[39m
                  [33mvalue[39m=[32m"Meetup"[39m
                [36m>[39m
                  [0mMeetup[0m
                [36m</option>[39m
              [36m</select>[39m
              [36m<select[39m
                [33mclass[39m=[32m"px-3 py-2 border border-gray-300 
rounded-xl text-sm text-gray-900 focus:outline-none focus:ring-2 
focus:ring-blue-600"[39m
              [36m>[39m
                [36m<option[39m
                  [33mvalue[39m=[32m""[39m
                [36m>[39m
                  [0mAll Locations[0m
                [36m</option>[39m
                [36m<option[39m
                  [33mvalue[39m=[32m"New York, NY"[39m
                [36m>[39m
                  [0mNew York, NY[0m
                [36m</option>[39m
                [36m<option[39m
                  [33mvalue[39m=[32m"San Francisco, CA"[39m
                [36m>[39m
                  [0mSan Francisco, CA[0m
                [36m</option>[39m
              [36m</select>[39m
            [36m</div>[39m
          [36m</div>[39m
        [36m</div>[39m
      [36m</div>[39m
    [36m</body>[39m

    [0m [90m 216 |[39m
     [90m 217 |[39m       [90m// Modal should be visible with event 
details[39m
    [31m[1m>[22m[39m[90m 218 |[39m       [36mawait[39m waitFor(() 
[33m=>[39m {
     [90m     |[39m                    [31m[1m^[22m[39m
     [90m 219 |[39m         [90m// Check for modal content[39m
     [90m 220 |[39m         expect(screen[33m.[39mgetByText([32m'Apply as 
Vendor'[39m))[33m.[39mtoBeInTheDocument()
     [90m 221 |[39m       })[0m

      at waitForWrapper 
(node_modules/@testing-library/dom/dist/wait-for.js:163:27)
      at Object.<anonymous> (src/components/EventDiscoveryPane.test.js:218:20)

  ΓùÅ EventDiscoveryPane Component ΓÇ║ Event Card Click Handler ΓÇ║ displays 
full event details in modal

    Unable to find an element with the text: Apply as Vendor. This could be 
because the text is broken up by multiple elements. In this case, you can 
provide a function for your text matcher to make your matcher more flexible.

    Ignored nodes: comments, script, style
    [36m<body>[39m
      [36m<div>[39m
        [36m<div[39m
          [33mclass[39m=[32m"flex flex-col h-full bg-gray-50 border-r 
border-gray-200"[39m
        [36m>[39m
          [36m<div[39m
            [33mclass[39m=[32m"flex-1 overflow-y-auto p-4"[39m
          [36m>[39m
            [36m<div[39m
              [33mclass[39m=[32m"grid grid-cols-1 gap-4"[39m
            [36m>[39m
              [36m<div[39m
                [33mclass[39m=[32m"bg-white rounded-xl shadow-md p-4 
cursor-pointer hover:shadow-lg transition-shadow"[39m
              [36m>[39m
                [36m<img[39m
                  [33malt[39m=[32m"Tech Conference 2024"[39m
                  [33mclass[39m=[32m"w-full h-40 object-cover rounded-lg 
mb-3"[39m
                  [33msrc[39m=[32m"https://example.com/image1.jpg"[39m
                [36m/>[39m
                [36m<h3[39m
                  [33mclass[39m=[32m"text-lg font-bold text-gray-900 
mb-2"[39m
                [36m>[39m
                  [0mTech Conference 2024[0m
                [36m</h3>[39m
                [36m<p[39m
                  [33mclass[39m=[32m"text-sm text-gray-600 mb-2"[39m
                [36m>[39m
                  [0m15/06/2024[0m
                [36m</p>[39m
                [36m<p[39m
                  [33mclass[39m=[32m"text-sm text-gray-600 mb-3"[39m
                [36m>[39m
                  [0mSan Francisco[0m
                  [0m, [0m
                  [0mCA[0m
                [36m</p>[39m
                [36m<div[39m
                  [33mclass[39m=[32m"flex gap-2 flex-wrap"[39m
                [36m>[39m
                  [36m<span[39m
                    [33mclass[39m=[32m"text-xs bg-blue-100 text-blue-600 
px-2 py-1 rounded"[39m
                  [36m>[39m
                    [0mConference[0m
                  [36m</span>[39m
                  [36m<span[39m
                    [33mclass[39m=[32m"text-xs bg-blue-600 text-white px-2 
py-1 rounded"[39m
                  [36m>[39m
                    [0mFeatured[0m
                  [36m</span>[39m
                  [36m<span[39m
                    [33mclass[39m=[32m"text-xs px-2 py-1 rounded 
bg-green-100 text-green-600"[39m
                  [36m>[39m
                    [0mupcoming[0m
                  [36m</span>[39m
                [36m</div>[39m
              [36m</div>[39m
              [36m<div[39m
                [33mclass[39m=[32m"bg-white rounded-xl shadow-md p-4 
cursor-pointer hover:shadow-lg transition-shadow"[39m
              [36m>[39m
                [36m<img[39m
                  [33malt[39m=[32m"Business Expo"[39m
                  [33mclass[39m=[32m"w-full h-40 object-cover rounded-lg 
mb-3"[39m
                  [33msrc[39m=[32m"https://example.com/image2.jpg"[39m
                [36m/>[39m
                [36m<h3[39m
                  [33mclass[39m=[32m"text-lg font-bold text-gray-900 
mb-2"[39m
                [36m>[39m
                  [0mBusiness Expo[0m
                [36m</h3>[39m
                [36m<p[39m
                  [33mclass[39m=[32m"text-sm text-gray-600 mb-2"[39m
                [36m>[39m
                  [0m20/07/2024[0m
                [36m</p>[39m
                [36m<p[39m
                  [33mclass[39m=[32m"text-sm text-gray-600 mb-3"[39m
                [36m>[39m
                  [0mNew York[0m
                  [0m, [0m
                  [0mNY[0m
                [36m</p>[39m
                [36m<div[39m
                  [33mclass[39m=[32m"flex gap-2 flex-wrap"[39m
                [36m>[39m
                  [36m<span[39m
                    [33mclass[39m=[32m"text-xs bg-blue-100 text-blue-600 
px-2 py-1 rounded"[39m
                  [36m>[39m
                    [0mExpo[0m
                  [36m</span>[39m
                  [36m<span[39m
                    [33mclass[39m=[32m"text-xs px-2 py-1 rounded 
bg-green-100 text-green-600"[39m
                  [36m>[39m
                    [0mupcoming[0m
                  [36m</span>[39m
                [36m</div>[39m
              [36m</div>[39m
              [36m<div[39m
                [33mclass[39m=[32m"bg-white rounded-xl shadow-md p-4 
cursor-pointer hover:shadow-lg transition-shadow"[39m
              [36m>[39m
                [36m<img[39m
                  [33malt[39m=[32m"Tech Meetup"[39m
                  [33mclass[39m=[32m"w-full h-40 object-cover rounded-lg 
mb-3"[39m
                  [33msrc[39m=[32m"https://example.com/image3.jpg"[39m
                [36m/>[39m
                [36m<h3[39m
                  [33mclass[39m=[32m"text-lg font-bold text-gray-900 
mb-2"[39m
                [36m>[39m
                  [0mTech Meetup[0m
                [36m</h3>[39m
                [36m<p[39m
                  [33mclass[39m=[32m"text-sm text-gray-600 mb-2"[39m
                [36m>[39m
                  [0m10/05/2024[0m
                [36m</p>[39m
                [36m<p[39m
                  [33mclass[39m=[32m"text-sm text-gray-600 mb-3"[39m
                [36m>[39m
                  [0mSan Francisco[0m
                  [0m, [0m
                  [0mCA[0m
                [36m</p>[39m
                [36m<div[39m
                  [33mclass[39m=[32m"flex gap-2 flex-wrap"[39m
                [36m>[39m
                  [36m<span[39m
                    [33mclass[39m=[32m"text-xs bg-blue-100 text-blue-600 
px-2 py-1 rounded"[39m
                  [36m>[39m
                    [0mMeetup[0m
                  [36m</span>[39m
                  [36m<span[39m
                    [33mclass[39m=[32m"text-xs px-2 py-1 rounded 
bg-yellow-100 text-yellow-600"[39m
                  [36m>[39m
                    [0mongoing[0m
                  [36m</span>[39m
                [36m</div>[39m
              [36m</div>[39m
            [36m</div>[39m
          [36m</div>[39m
          [36m<div[39m
            [33mclass[39m=[32m"sticky bottom-0 bg-white border-t 
border-gray-200 shadow-md p-4"[39m
          [36m>[39m
            [36m<div[39m
              [33mclass[39m=[32m"grid grid-cols-2 gap-3 mb-3"[39m
            [36m>[39m
              [36m<select[39m
                [33mclass[39m=[32m"px-3 py-2 border border-gray-300 
rounded-xl text-sm text-gray-900 focus:outline-none focus:ring-2 
focus:ring-blue-600"[39m
              [36m>[39m
                [36m<option[39m
                  [33mvalue[39m=[32m""[39m
                [36m>[39m
                  [0mAll Types[0m
                [36m</option>[39m
                [36m<option[39m
                  [33mvalue[39m=[32m"Conference"[39m
                [36m>[39m
                  [0mConference[0m
                [36m</option>[39m
                [36m<option[39m
                  [33mvalue[39m=[32m"Expo"[39m
                [36m>[39m
                  [0mExpo[0m
                [36m</option>[39m
                [36m<option[39m
                  [33mvalue[39m=[32m"Meetup"[39m
                [36m>[39m
                  [0mMeetup[0m
                [36m</option>[39m
              [36m</select>[39m
              [36m<select[39m
                [33mclass[39m=[32m"px-3 py-2 border border-gray-300 
rounded-xl text-sm text-gray-900 focus:outline-none focus:ring-2 
focus:ring-blue-600"[39m
              [36m>[39m
                [36m<option[39m
                  [33mvalue[39m=[32m""[39m
                [36m>[39m
                  [0mAll Locations[0m
                [36m</option>[39m
                [36m<option[39m
                  [33mvalue[39m=[32m"New York, NY"[39m
                [36m>[39m
                  [0mNew York, NY[0m
                [36m</option>[39m
                [36m<option[39m
                  [33mvalue[39m=[32m"San Francisco, CA"[39m
                [36m>[39m
                  [0mSan Francisco, CA[0m
                [36m</option>[39m
              [36m</select>[39m
            [36m</div>[39m
          [36m</div>[39m
        [36m</div>[39m
      [36m</div>[39m
    [36m</body>[39m

    [0m [90m 237 |[39m
     [90m 238 |[39m       [90m// Check modal displays all details[39m
    [31m[1m>[22m[39m[90m 239 |[39m       [36mawait[39m waitFor(() 
[33m=>[39m {
     [90m     |[39m                    [31m[1m^[22m[39m
     [90m 240 |[39m         expect(screen[33m.[39mgetByText([32m'Apply as 
Vendor'[39m))[33m.[39mtoBeInTheDocument()
     [90m 241 |[39m         
expect(screen[33m.[39mgetByText([32m'Convention 
Center'[39m))[33m.[39mtoBeInTheDocument()
     [90m 242 |[39m         
expect(screen[33m.[39mgetByText([32m'Technology, 
Software'[39m))[33m.[39mtoBeInTheDocument()[0m

      at waitForWrapper 
(node_modules/@testing-library/dom/dist/wait-for.js:163:27)
      at Object.<anonymous> (src/components/EventDiscoveryPane.test.js:239:20)

  ΓùÅ EventDiscoveryPane Component ΓÇ║ Modal Close Handler ΓÇ║ closes modal 
when close button is clicked

    Unable to find an element with the text: Apply as Vendor. This could be 
because the text is broken up by multiple elements. In this case, you can 
provide a function for your text matcher to make your matcher more flexible.

    Ignored nodes: comments, script, style
    [36m<body>[39m
      [36m<div>[39m
        [36m<div[39m
          [33mclass[39m=[32m"flex flex-col h-full bg-gray-50 border-r 
border-gray-200"[39m
        [36m>[39m
          [36m<div[39m
            [33mclass[39m=[32m"flex-1 overflow-y-auto p-4"[39m
          [36m>[39m
            [36m<div[39m
              [33mclass[39m=[32m"grid grid-cols-1 gap-4"[39m
            [36m>[39m
              [36m<div[39m
                [33mclass[39m=[32m"bg-white rounded-xl shadow-md p-4 
cursor-pointer hover:shadow-lg transition-shadow"[39m
              [36m>[39m
                [36m<img[39m
                  [33malt[39m=[32m"Tech Conference 2024"[39m
                  [33mclass[39m=[32m"w-full h-40 object-cover rounded-lg 
mb-3"[39m
                  [33msrc[39m=[32m"https://example.com/image1.jpg"[39m
                [36m/>[39m
                [36m<h3[39m
                  [33mclass[39m=[32m"text-lg font-bold text-gray-900 
mb-2"[39m
                [36m>[39m
                  [0mTech Conference 2024[0m
                [36m</h3>[39m
                [36m<p[39m
                  [33mclass[39m=[32m"text-sm text-gray-600 mb-2"[39m
                [36m>[39m
                  [0m15/06/2024[0m
                [36m</p>[39m
                [36m<p[39m
                  [33mclass[39m=[32m"text-sm text-gray-600 mb-3"[39m
                [36m>[39m
                  [0mSan Francisco[0m
                  [0m, [0m
                  [0mCA[0m
                [36m</p>[39m
                [36m<div[39m
                  [33mclass[39m=[32m"flex gap-2 flex-wrap"[39m
                [36m>[39m
                  [36m<span[39m
                    [33mclass[39m=[32m"text-xs bg-blue-100 text-blue-600 
px-2 py-1 rounded"[39m
                  [36m>[39m
                    [0mConference[0m
                  [36m</span>[39m
                  [36m<span[39m
                    [33mclass[39m=[32m"text-xs bg-blue-600 text-white px-2 
py-1 rounded"[39m
                  [36m>[39m
                    [0mFeatured[0m
                  [36m</span>[39m
                  [36m<span[39m
                    [33mclass[39m=[32m"text-xs px-2 py-1 rounded 
bg-green-100 text-green-600"[39m
                  [36m>[39m
                    [0mupcoming[0m
                  [36m</span>[39m
                [36m</div>[39m
              [36m</div>[39m
              [36m<div[39m
                [33mclass[39m=[32m"bg-white rounded-xl shadow-md p-4 
cursor-pointer hover:shadow-lg transition-shadow"[39m
              [36m>[39m
                [36m<img[39m
                  [33malt[39m=[32m"Business Expo"[39m
                  [33mclass[39m=[32m"w-full h-40 object-cover rounded-lg 
mb-3"[39m
                  [33msrc[39m=[32m"https://example.com/image2.jpg"[39m
                [36m/>[39m
                [36m<h3[39m
                  [33mclass[39m=[32m"text-lg font-bold text-gray-900 
mb-2"[39m
                [36m>[39m
                  [0mBusiness Expo[0m
                [36m</h3>[39m
                [36m<p[39m
                  [33mclass[39m=[32m"text-sm text-gray-600 mb-2"[39m
                [36m>[39m
                  [0m20/07/2024[0m
                [36m</p>[39m
                [36m<p[39m
                  [33mclass[39m=[32m"text-sm text-gray-600 mb-3"[39m
                [36m>[39m
                  [0mNew York[0m
                  [0m, [0m
                  [0mNY[0m
                [36m</p>[39m
                [36m<div[39m
                  [33mclass[39m=[32m"flex gap-2 flex-wrap"[39m
                [36m>[39m
                  [36m<span[39m
                    [33mclass[39m=[32m"text-xs bg-blue-100 text-blue-600 
px-2 py-1 rounded"[39m
                  [36m>[39m
                    [0mExpo[0m
                  [36m</span>[39m
                  [36m<span[39m
                    [33mclass[39m=[32m"text-xs px-2 py-1 rounded 
bg-green-100 text-green-600"[39m
                  [36m>[39m
                    [0mupcoming[0m
                  [36m</span>[39m
                [36m</div>[39m
              [36m</div>[39m
              [36m<div[39m
                [33mclass[39m=[32m"bg-white rounded-xl shadow-md p-4 
cursor-pointer hover:shadow-lg transition-shadow"[39m
              [36m>[39m
                [36m<img[39m
                  [33malt[39m=[32m"Tech Meetup"[39m
                  [33mclass[39m=[32m"w-full h-40 object-cover rounded-lg 
mb-3"[39m
                  [33msrc[39m=[32m"https://example.com/image3.jpg"[39m
                [36m/>[39m
                [36m<h3[39m
                  [33mclass[39m=[32m"text-lg font-bold text-gray-900 
mb-2"[39m
                [36m>[39m
                  [0mTech Meetup[0m
                [36m</h3>[39m
                [36m<p[39m
                  [33mclass[39m=[32m"text-sm text-gray-600 mb-2"[39m
                [36m>[39m
                  [0m10/05/2024[0m
                [36m</p>[39m
                [36m<p[39m
                  [33mclass[39m=[32m"text-sm text-gray-600 mb-3"[39m
                [36m>[39m
                  [0mSan Francisco[0m
                  [0m, [0m
                  [0mCA[0m
                [36m</p>[39m
                [36m<div[39m
                  [33mclass[39m=[32m"flex gap-2 flex-wrap"[39m
                [36m>[39m
                  [36m<span[39m
                    [33mclass[39m=[32m"text-xs bg-blue-100 text-blue-600 
px-2 py-1 rounded"[39m
                  [36m>[39m
                    [0mMeetup[0m
                  [36m</span>[39m
                  [36m<span[39m
                    [33mclass[39m=[32m"text-xs px-2 py-1 rounded 
bg-yellow-100 text-yellow-600"[39m
                  [36m>[39m
                    [0mongoing[0m
                  [36m</span>[39m
                [36m</div>[39m
              [36m</div>[39m
            [36m</div>[39m
          [36m</div>[39m
          [36m<div[39m
            [33mclass[39m=[32m"sticky bottom-0 bg-white border-t 
border-gray-200 shadow-md p-4"[39m
          [36m>[39m
            [36m<div[39m
              [33mclass[39m=[32m"grid grid-cols-2 gap-3 mb-3"[39m
            [36m>[39m
              [36m<select[39m
                [33mclass[39m=[32m"px-3 py-2 border border-gray-300 
rounded-xl text-sm text-gray-900 focus:outline-none focus:ring-2 
focus:ring-blue-600"[39m
              [36m>[39m
                [36m<option[39m
                  [33mvalue[39m=[32m""[39m
                [36m>[39m
                  [0mAll Types[0m
                [36m</option>[39m
                [36m<option[39m
                  [33mvalue[39m=[32m"Conference"[39m
                [36m>[39m
                  [0mConference[0m
                [36m</option>[39m
                [36m<option[39m
                  [33mvalue[39m=[32m"Expo"[39m
                [36m>[39m
                  [0mExpo[0m
                [36m</option>[39m
                [36m<option[39m
                  [33mvalue[39m=[32m"Meetup"[39m
                [36m>[39m
                  [0mMeetup[0m
                [36m</option>[39m
              [36m</select>[39m
              [36m<select[39m
                [33mclass[39m=[32m"px-3 py-2 border border-gray-300 
rounded-xl text-sm text-gray-900 focus:outline-none focus:ring-2 
focus:ring-blue-600"[39m
              [36m>[39m
                [36m<option[39m
                  [33mvalue[39m=[32m""[39m
                [36m>[39m
                  [0mAll Locations[0m
                [36m</option>[39m
                [36m<option[39m
                  [33mvalue[39m=[32m"New York, NY"[39m
                [36m>[39m
                  [0mNew York, NY[0m
                [36m</option>[39m
                [36m<option[39m
                  [33mvalue[39m=[32m"San Francisco, CA"[39m
                [36m>[39m
                  [0mSan Francisco, CA[0m
                [36m</option>[39m
              [36m</select>[39m
            [36m</div>[39m
          [36m</div>[39m
        [36m</div>[39m
      [36m</div>[39m
    [36m</body>[39m

    [0m [90m 260 |[39m       fireEvent[33m.[39mclick(eventCard)
     [90m 261 |[39m
    [31m[1m>[22m[39m[90m 262 |[39m       [36mawait[39m waitFor(() 
[33m=>[39m {
     [90m     |[39m                    [31m[1m^[22m[39m
     [90m 263 |[39m         expect(screen[33m.[39mgetByText([32m'Apply as 
Vendor'[39m))[33m.[39mtoBeInTheDocument()
     [90m 264 |[39m       })
     [90m 265 |[39m[0m

      at waitForWrapper 
(node_modules/@testing-library/dom/dist/wait-for.js:163:27)
      at Object.<anonymous> (src/components/EventDiscoveryPane.test.js:262:20)

  ΓùÅ EventDiscoveryPane Component ΓÇ║ Expected Footfall Display ΓÇ║ displays 
expected footfall when greater than 0

    Unable to find an element with the text: Apply as Vendor. This could be 
because the text is broken up by multiple elements. In this case, you can 
provide a function for your text matcher to make your matcher more flexible.

    Ignored nodes: comments, script, style
    [36m<body>[39m
      [36m<div>[39m
        [36m<div[39m
          [33mclass[39m=[32m"flex flex-col h-full bg-gray-50 border-r 
border-gray-200"[39m
        [36m>[39m
          [36m<div[39m
            [33mclass[39m=[32m"flex-1 overflow-y-auto p-4"[39m
          [36m>[39m
            [36m<div[39m
              [33mclass[39m=[32m"grid grid-cols-1 gap-4"[39m
            [36m>[39m
              [36m<div[39m
                [33mclass[39m=[32m"bg-white rounded-xl shadow-md p-4 
cursor-pointer hover:shadow-lg transition-shadow"[39m
              [36m>[39m
                [36m<img[39m
                  [33malt[39m=[32m"Tech Conference 2024"[39m
                  [33mclass[39m=[32m"w-full h-40 object-cover rounded-lg 
mb-3"[39m
                  [33msrc[39m=[32m"https://example.com/image1.jpg"[39m
                [36m/>[39m
                [36m<h3[39m
                  [33mclass[39m=[32m"text-lg font-bold text-gray-900 
mb-2"[39m
                [36m>[39m
                  [0mTech Conference 2024[0m
                [36m</h3>[39m
                [36m<p[39m
                  [33mclass[39m=[32m"text-sm text-gray-600 mb-2"[39m
                [36m>[39m
                  [0m15/06/2024[0m
                [36m</p>[39m
                [36m<p[39m
                  [33mclass[39m=[32m"text-sm text-gray-600 mb-3"[39m
                [36m>[39m
                  [0mSan Francisco[0m
                  [0m, [0m
                  [0mCA[0m
                [36m</p>[39m
                [36m<div[39m
                  [33mclass[39m=[32m"flex gap-2 flex-wrap"[39m
                [36m>[39m
                  [36m<span[39m
                    [33mclass[39m=[32m"text-xs bg-blue-100 text-blue-600 
px-2 py-1 rounded"[39m
                  [36m>[39m
                    [0mConference[0m
                  [36m</span>[39m
                  [36m<span[39m
                    [33mclass[39m=[32m"text-xs bg-blue-600 text-white px-2 
py-1 rounded"[39m
                  [36m>[39m
                    [0mFeatured[0m
                  [36m</span>[39m
                  [36m<span[39m
                    [33mclass[39m=[32m"text-xs px-2 py-1 rounded 
bg-green-100 text-green-600"[39m
                  [36m>[39m
                    [0mupcoming[0m
                  [36m</span>[39m
                [36m</div>[39m
              [36m</div>[39m
              [36m<div[39m
                [33mclass[39m=[32m"bg-white rounded-xl shadow-md p-4 
cursor-pointer hover:shadow-lg transition-shadow"[39m
              [36m>[39m
                [36m<img[39m
                  [33malt[39m=[32m"Business Expo"[39m
                  [33mclass[39m=[32m"w-full h-40 object-cover rounded-lg 
mb-3"[39m
                  [33msrc[39m=[32m"https://example.com/image2.jpg"[39m
                [36m/>[39m
                [36m<h3[39m
                  [33mclass[39m=[32m"text-lg font-bold text-gray-900 
mb-2"[39m
                [36m>[39m
                  [0mBusiness Expo[0m
                [36m</h3>[39m
                [36m<p[39m
                  [33mclass[39m=[32m"text-sm text-gray-600 mb-2"[39m
                [36m>[39m
                  [0m20/07/2024[0m
                [36m</p>[39m
                [36m<p[39m
                  [33mclass[39m=[32m"text-sm text-gray-600 mb-3"[39m
                [36m>[39m
                  [0mNew York[0m
                  [0m, [0m
                  [0mNY[0m
                [36m</p>[39m
                [36m<div[39m
                  [33mclass[39m=[32m"flex gap-2 flex-wrap"[39m
                [36m>[39m
                  [36m<span[39m
                    [33mclass[39m=[32m"text-xs bg-blue-100 text-blue-600 
px-2 py-1 rounded"[39m
                  [36m>[39m
                    [0mExpo[0m
                  [36m</span>[39m
                  [36m<span[39m
                    [33mclass[39m=[32m"text-xs px-2 py-1 rounded 
bg-green-100 text-green-600"[39m
                  [36m>[39m
                    [0mupcoming[0m
                  [36m</span>[39m
                [36m</div>[39m
              [36m</div>[39m
              [36m<div[39m
                [33mclass[39m=[32m"bg-white rounded-xl shadow-md p-4 
cursor-pointer hover:shadow-lg transition-shadow"[39m
              [36m>[39m
                [36m<img[39m
                  [33malt[39m=[32m"Tech Meetup"[39m
                  [33mclass[39m=[32m"w-full h-40 object-cover rounded-lg 
mb-3"[39m
                  [33msrc[39m=[32m"https://example.com/image3.jpg"[39m
                [36m/>[39m
                [36m<h3[39m
                  [33mclass[39m=[32m"text-lg font-bold text-gray-900 
mb-2"[39m
                [36m>[39m
                  [0mTech Meetup[0m
                [36m</h3>[39m
                [36m<p[39m
                  [33mclass[39m=[32m"text-sm text-gray-600 mb-2"[39m
                [36m>[39m
                  [0m10/05/2024[0m
                [36m</p>[39m
                [36m<p[39m
                  [33mclass[39m=[32m"text-sm text-gray-600 mb-3"[39m
                [36m>[39m
                  [0mSan Francisco[0m
                  [0m, [0m
                  [0mCA[0m
                [36m</p>[39m
                [36m<div[39m
                  [33mclass[39m=[32m"flex gap-2 flex-wrap"[39m
                [36m>[39m
                  [36m<span[39m
                    [33mclass[39m=[32m"text-xs bg-blue-100 text-blue-600 
px-2 py-1 rounded"[39m
                  [36m>[39m
                    [0mMeetup[0m
                  [36m</span>[39m
                  [36m<span[39m
                    [33mclass[39m=[32m"text-xs px-2 py-1 rounded 
bg-yellow-100 text-yellow-600"[39m
                  [36m>[39m
                    [0mongoing[0m
                  [36m</span>[39m
                [36m</div>[39m
              [36m</div>[39m
            [36m</div>[39m
          [36m</div>[39m
          [36m<div[39m
            [33mclass[39m=[32m"sticky bottom-0 bg-white border-t 
border-gray-200 shadow-md p-4"[39m
          [36m>[39m
            [36m<div[39m
              [33mclass[39m=[32m"grid grid-cols-2 gap-3 mb-3"[39m
            [36m>[39m
              [36m<select[39m
                [33mclass[39m=[32m"px-3 py-2 border border-gray-300 
rounded-xl text-sm text-gray-900 focus:outline-none focus:ring-2 
focus:ring-blue-600"[39m
              [36m>[39m
                [36m<option[39m
                  [33mvalue[39m=[32m""[39m
                [36m>[39m
                  [0mAll Types[0m
                [36m</option>[39m
                [36m<option[39m
                  [33mvalue[39m=[32m"Conference"[39m
                [36m>[39m
                  [0mConference[0m
                [36m</option>[39m
                [36m<option[39m
                  [33mvalue[39m=[32m"Expo"[39m
                [36m>[39m
                  [0mExpo[0m
                [36m</option>[39m
                [36m<option[39m
                  [33mvalue[39m=[32m"Meetup"[39m
                [36m>[39m
                  [0mMeetup[0m
                [36m</option>[39m
              [36m</select>[39m
              [36m<select[39m
                [33mclass[39m=[32m"px-3 py-2 border border-gray-300 
rounded-xl text-sm text-gray-900 focus:outline-none focus:ring-2 
focus:ring-blue-600"[39m
              [36m>[39m
                [36m<option[39m
                  [33mvalue[39m=[32m""[39m
                [36m>[39m
                  [0mAll Locations[0m
                [36m</option>[39m
                [36m<option[39m
                  [33mvalue[39m=[32m"New York, NY"[39m
                [36m>[39m
                  [0mNew York, NY[0m
                [36m</option>[39m
                [36m<option[39m
                  [33mvalue[39m=[32m"San Francisco, CA"[39m
                [36m>[39m
                  [0mSan Francisco, CA[0m
                [36m</option>[39m
              [36m</select>[39m
            [36m</div>[39m
          [36m</div>[39m
        [36m</div>[39m
      [36m</div>[39m
    [36m</body>[39m

    [0m [90m 406 |[39m
     [90m 407 |[39m       [90m// Check modal is open[39m
    [31m[1m>[22m[39m[90m 408 |[39m       [36mawait[39m waitFor(() 
[33m=>[39m {
     [90m     |[39m                    [31m[1m^[22m[39m
     [90m 409 |[39m         expect(screen[33m.[39mgetByText([32m'Apply as 
Vendor'[39m))[33m.[39mtoBeInTheDocument()
     [90m 410 |[39m       })
     [90m 411 |[39m     })[0m

      at waitForWrapper 
(node_modules/@testing-library/dom/dist/wait-for.js:163:27)
      at Object.<anonymous> (src/components/EventDiscoveryPane.test.js:408:20)

  ΓùÅ EventDiscoveryPane Component ΓÇ║ Expected Footfall Display ΓÇ║ displays 
"TBD" when expected footfall is 0 or missing

    Unable to find an element with the text: Apply as Vendor. This could be 
because the text is broken up by multiple elements. In this case, you can 
provide a function for your text matcher to make your matcher more flexible.

    Ignored nodes: comments, script, style
    [36m<body>[39m
      [36m<div>[39m
        [36m<div[39m
          [33mclass[39m=[32m"flex flex-col h-full bg-gray-50 border-r 
border-gray-200"[39m
        [36m>[39m
          [36m<div[39m
            [33mclass[39m=[32m"flex-1 overflow-y-auto p-4"[39m
          [36m>[39m
            [36m<div[39m
              [33mclass[39m=[32m"grid grid-cols-1 gap-4"[39m
            [36m>[39m
              [36m<div[39m
                [33mclass[39m=[32m"bg-white rounded-xl shadow-md p-4 
cursor-pointer hover:shadow-lg transition-shadow"[39m
              [36m>[39m
                [36m<img[39m
                  [33malt[39m=[32m"Tech Conference 2024"[39m
                  [33mclass[39m=[32m"w-full h-40 object-cover rounded-lg 
mb-3"[39m
                  [33msrc[39m=[32m"https://example.com/image1.jpg"[39m
                [36m/>[39m
                [36m<h3[39m
                  [33mclass[39m=[32m"text-lg font-bold text-gray-900 
mb-2"[39m
                [36m>[39m
                  [0mTech Conference 2024[0m
                [36m</h3>[39m
                [36m<p[39m
                  [33mclass[39m=[32m"text-sm text-gray-600 mb-2"[39m
                [36m>[39m
                  [0m15/06/2024[0m
                [36m</p>[39m
                [36m<p[39m
                  [33mclass[39m=[32m"text-sm text-gray-600 mb-3"[39m
                [36m>[39m
                  [0mSan Francisco[0m
                  [0m, [0m
                  [0mCA[0m
                [36m</p>[39m
                [36m<div[39m
                  [33mclass[39m=[32m"flex gap-2 flex-wrap"[39m
                [36m>[39m
                  [36m<span[39m
                    [33mclass[39m=[32m"text-xs bg-blue-100 text-blue-600 
px-2 py-1 rounded"[39m
                  [36m>[39m
                    [0mConference[0m
                  [36m</span>[39m
                  [36m<span[39m
                    [33mclass[39m=[32m"text-xs bg-blue-600 text-white px-2 
py-1 rounded"[39m
                  [36m>[39m
                    [0mFeatured[0m
                  [36m</span>[39m
                  [36m<span[39m
                    [33mclass[39m=[32m"text-xs px-2 py-1 rounded 
bg-green-100 text-green-600"[39m
                  [36m>[39m
                    [0mupcoming[0m
                  [36m</span>[39m
                [36m</div>[39m
              [36m</div>[39m
            [36m</div>[39m
          [36m</div>[39m
          [36m<div[39m
            [33mclass[39m=[32m"sticky bottom-0 bg-white border-t 
border-gray-200 shadow-md p-4"[39m
          [36m>[39m
            [36m<div[39m
              [33mclass[39m=[32m"grid grid-cols-2 gap-3 mb-3"[39m
            [36m>[39m
              [36m<select[39m
                [33mclass[39m=[32m"px-3 py-2 border border-gray-300 
rounded-xl text-sm text-gray-900 focus:outline-none focus:ring-2 
focus:ring-blue-600"[39m
              [36m>[39m
                [36m<option[39m
                  [33mvalue[39m=[32m""[39m
                [36m>[39m
                  [0mAll Types[0m
                [36m</option>[39m
                [36m<option[39m
                  [33mvalue[39m=[32m"Conference"[39m
                [36m>[39m
                  [0mConference[0m
                [36m</option>[39m
              [36m</select>[39m
              [36m<select[39m
                [33mclass[39m=[32m"px-3 py-2 border border-gray-300 
rounded-xl text-sm text-gray-900 focus:outline-none focus:ring-2 
focus:ring-blue-600"[39m
              [36m>[39m
                [36m<option[39m
                  [33mvalue[39m=[32m""[39m
                [36m>[39m
                  [0mAll Locations[0m
                [36m</option>[39m
                [36m<option[39m
                  [33mvalue[39m=[32m"San Francisco, CA"[39m
                [36m>[39m
                  [0mSan Francisco, CA[0m
                [36m</option>[39m
              [36m</select>[39m
            [36m</div>[39m
          [36m</div>[39m
        [36m</div>[39m
      [36m</div>[39m
    [36m</body>[39m

    [0m [90m 433 |[39m
     [90m 434 |[39m       [90m// Check modal is open[39m
    [31m[1m>[22m[39m[90m 435 |[39m       [36mawait[39m waitFor(() 
[33m=>[39m {
     [90m     |[39m                    [31m[1m^[22m[39m
     [90m 436 |[39m         expect(screen[33m.[39mgetByText([32m'Apply as 
Vendor'[39m))[33m.[39mtoBeInTheDocument()
     [90m 437 |[39m       })
     [90m 438 |[39m     })[0m

      at waitForWrapper 
(node_modules/@testing-library/dom/dist/wait-for.js:163:27)
      at Object.<anonymous> (src/components/EventDiscoveryPane.test.js:435:20)

Test Suites: 1 failed, 1 total
Tests:       5 failed, 16 passed, 21 total
Snapshots:   0 total
Time:        6.63 s, estimated 7 s
Ran all test suites matching /EventDiscoveryPane.test.js/i.
